Direct P2P: unlikely
NAT type: Address-Dependent Mapping (symmetric)
Public endpoint: 203.0.113.45:51820

Probes:
  stun.l.google.com:19302   rtt=24ms  mapped=203.0.113.45:51820
  stun.cloudflare.com:3478  rtt=31ms  mapped=203.0.113.45:51822

Filtering not tested.
Classification is ADM or stricter.
