{
  "nat_type": "Blocked",
  "nat_type_legacy": "",
  "public_endpoint": "",
  "probes": [
    {
      "server": "stun.l.google.com:19302",
      "error": "dial udp stun.l.google.com:19302: i/o timeout"
    },
    {
      "server": "stun.cloudflare.com:3478",
      "error": "dial udp stun.cloudflare.com:3478: i/o timeout"
    }
  ],
  "webrtc_forecast": {
    "direct_p2p": "unlikely",
    "turn_required": true
  },
  "warnings": [
    "filtering_behavior_not_tested",
    "all_probes_failed"
  ]
}
