{
  "nat_type": "Unknown",
  "nat_type_legacy": "",
  "public_endpoint": "203.0.113.45:51820",
  "probes": [
    {
      "server": "stun.l.google.com:19302",
      "rtt_ms": 24,
      "mapped": "203.0.113.45:51820"
    },
    {
      "server": "stun.cloudflare.com:3478",
      "rtt_ms": 31,
      "mapped": "203.0.113.45:51820"
    },
    {
      "server": "stun6.l.google.com:19302",
      "rtt_ms": 42,
      "mapped": "[2001:db8::1]:51820"
    },
    {
      "server": "stun6.cloudflare.com:3478",
      "rtt_ms": 47,
      "mapped": "[2001:db8::2]:51821"
    }
  ],
  "webrtc_forecast": {
    "direct_p2p": "unknown",
    "turn_required": false
  },
  "warnings": [
    "filtering_behavior_not_tested",
    "mixed_address_family_probes",
    "hairpin_untested"
  ],
  "filtering": {
    "behavior": "untested"
  },
  "hairpinning": null
}
